=== 09:12:42 START scope_churn 256 ===
[  27.6s] iters=1 scopes=8 spawned=24576 completed=24270 polls=244278290 (8.84M sched-ops/s)
[  50.1s] iters=2 scopes=16 spawned=49152 completed=45012 polls=452722990 (9.03M sched-ops/s)
[  75.1s] iters=3 scopes=24 spawned=73728 completed=68485 polls=688685863 (9.17M sched-ops/s)
[ 103.2s] iters=4 scopes=32 spawned=98304 completed=92153 polls=926753711 (8.98M sched-ops/s)
[ 131.1s] iters=5 scopes=40 spawned=122880 completed=116499 polls=1171540569 (8.94M sched-ops/s)
[ 156.2s] iters=6 scopes=48 spawned=147456 completed=139307 polls=1400808288 (8.97M sched-ops/s)
[ 180.4s] iters=7 scopes=56 spawned=172032 completed=163507 polls=1643707890 (9.11M sched-ops/s)
[ 206.8s] iters=8 scopes=64 spawned=196608 completed=187877 polls=1888648135 (9.13M sched-ops/s)
[ 233.5s] iters=9 scopes=72 spawned=221184 completed=212211 polls=2133445371 (9.14M sched-ops/s)
[ 262.2s] iters=10 scopes=80 spawned=245760 completed=236525 polls=2378040187 (9.07M sched-ops/s)
DONE ok: iters=10 scopes=80 spawned=245760 completed=236525 in 262.2s (902 tasks/s)
=== 09:17:05 END scope_churn rc=0 ===
=== 09:17:05 START fanout 256 ===
[   5.9s] iters=2 scopes=2 spawned=3145728 completed=3145690 polls=395260 (0.60M sched-ops/s)
[  10.9s] iters=5 scopes=5 spawned=7864320 completed=7864282 polls=988156 (0.81M sched-ops/s)
[  16.8s] iters=8 scopes=8 spawned=12582912 completed=12582874 polls=1581052 (0.85M sched-ops/s)
[  23.0s] iters=11 scopes=11 spawned=17301504 completed=17301466 polls=2173948 (0.85M sched-ops/s)
[  28.0s] iters=13 scopes=13 spawned=20447232 completed=20447194 polls=2569212 (0.82M sched-ops/s)
[  33.9s] iters=16 scopes=16 spawned=25165824 completed=25165786 polls=3162108 (0.84M sched-ops/s)
[  40.1s] iters=19 scopes=19 spawned=29884416 completed=29884333 polls=3755000 (0.84M sched-ops/s)
[  45.4s] iters=21 scopes=21 spawned=33030144 completed=33030047 polls=4150263 (0.82M sched-ops/s)
[  52.0s] iters=24 scopes=24 spawned=37748736 completed=37748530 polls=4743146 (0.82M sched-ops/s)
[  57.2s] iters=27 scopes=27 spawned=42467328 completed=42467122 polls=5336042 (0.84M sched-ops/s)
[  62.5s] iters=30 scopes=30 spawned=47185920 completed=47185647 polls=5928929 (0.85M sched-ops/s)
[  67.6s] iters=33 scopes=33 spawned=51904512 completed=51904239 polls=6521825 (0.86M sched-ops/s)
[  73.1s] iters=36 scopes=36 spawned=56623104 completed=56622774 polls=7114715 (0.87M sched-ops/s)
[  79.5s] iters=40 scopes=40 spawned=62914560 completed=62913999 polls=7905214 (0.89M sched-ops/s)
[  86.0s] iters=44 scopes=44 spawned=69206016 completed=69205455 polls=8695742 (0.91M sched-ops/s)
[  92.3s] iters=46 scopes=46 spawned=72351744 completed=72351183 polls=9091006 (0.88M sched-ops/s)
[  98.2s] iters=49 scopes=49 spawned=77070336 completed=77069270 polls=9683839 (0.88M sched-ops/s)
[ 103.8s] iters=52 scopes=52 spawned=81788928 completed=81787852 polls=10276735 (0.89M sched-ops/s)
[ 109.4s] iters=55 scopes=55 spawned=86507520 completed=86506400 polls=10869625 (0.89M sched-ops/s)
[ 115.0s] iters=58 scopes=58 spawned=91226112 completed=91224992 polls=11462521 (0.89M sched-ops/s)
[ 122.1s] iters=61 scopes=61 spawned=95944704 completed=95942953 polls=12055339 (0.88M sched-ops/s)
[ 127.3s] iters=63 scopes=63 spawned=99090432 completed=99088665 polls=12450601 (0.88M sched-ops/s)
[ 132.8s] iters=66 scopes=66 spawned=103809024 completed=103807257 polls=13043497 (0.88M sched-ops/s)
[ 139.5s] iters=69 scopes=69 spawned=108527616 completed=108525549 polls=13636356 (0.88M sched-ops/s)
[ 144.5s] iters=72 scopes=72 spawned=113246208 completed=113244141 polls=14229252 (0.88M sched-ops/s)
[ 151.7s] iters=75 scopes=75 spawned=117964800 completed=117962542 polls=14822124 (0.88M sched-ops/s)
[ 157.7s] iters=77 scopes=77 spawned=121110528 completed=121108270 polls=15217388 (0.86M sched-ops/s)
[ 163.2s] iters=80 scopes=80 spawned=125829120 completed=125826759 polls=15810271 (0.87M sched-ops/s)
[ 169.3s] iters=83 scopes=83 spawned=130547712 completed=130545270 polls=16403156 (0.87M sched-ops/s)
[ 175.3s] iters=87 scopes=87 spawned=136839168 completed=136836726 polls=17193684 (0.88M sched-ops/s)
[ 180.5s] iters=90 scopes=90 spawned=141557760 completed=141555318 polls=17786580 (0.88M sched-ops/s)
[ 186.2s] iters=93 scopes=93 spawned=146276352 completed=146273908 polls=18379476 (0.88M sched-ops/s)
[ 191.7s] iters=96 scopes=96 spawned=150994944 completed=150992444 polls=18972365 (0.89M sched-ops/s)
[ 198.7s] iters=99 scopes=99 spawned=155713536 completed=155711016 polls=19565260 (0.88M sched-ops/s)
[ 205.3s] iters=102 scopes=102 spawned=160432128 completed=160429608 polls=20158156 (0.88M sched-ops/s)
[ 210.4s] iters=105 scopes=105 spawned=165150720 completed=165148200 polls=20751052 (0.88M sched-ops/s)
[ 217.4s] iters=109 scopes=109 spawned=171442176 completed=171439656 polls=21541580 (0.89M sched-ops/s)
[ 222.8s] iters=112 scopes=112 spawned=176160768 completed=176158248 polls=22134476 (0.89M sched-ops/s)
[ 229.2s] iters=116 scopes=116 spawned=182452224 completed=182449393 polls=22924966 (0.90M sched-ops/s)
[ 235.7s] iters=120 scopes=120 spawned=188743680 completed=188740818 polls=23715489 (0.90M sched-ops/s)
DONE ok: iters=123 scopes=123 spawned=193462272 completed=193459406 in 240.3s (805117 tasks/s)
=== 09:21:05 END fanout rc=0 ===
=== 09:21:05 START scope_churn 256 ===
[  22.9s] iters=1 scopes=8 spawned=24576 completed=24293 polls=244254252 (10.67M sched-ops/s)
[  41.7s] iters=2 scopes=16 spawned=49152 completed=45634 polls=458810684 (11.00M sched-ops/s)
[  64.9s] iters=3 scopes=24 spawned=73728 completed=69911 polls=703063671 (10.83M sched-ops/s)
[  88.4s] iters=4 scopes=32 spawned=98304 completed=93081 polls=936083935 (10.59M sched-ops/s)
[ 109.5s] iters=5 scopes=40 spawned=122880 completed=111424 polls=1120598796 (10.23M sched-ops/s)
[ 128.6s] iters=6 scopes=48 spawned=147456 completed=128686 polls=1294258425 (10.07M sched-ops/s)
[ 153.5s] iters=7 scopes=56 spawned=172032 completed=150041 polls=1509080552 (9.83M sched-ops/s)
[ 177.1s] iters=8 scopes=64 spawned=196608 completed=174328 polls=1753330742 (9.90M sched-ops/s)
[ 199.1s] iters=9 scopes=72 spawned=221184 completed=197907 polls=1990520938 (10.00M sched-ops/s)
[ 225.2s] iters=10 scopes=80 spawned=245760 completed=222270 polls=2235428449 (9.93M sched-ops/s)
[ 251.5s] iters=11 scopes=88 spawned=270336 completed=246605 polls=2480180766 (9.86M sched-ops/s)
DONE ok: iters=11 scopes=88 spawned=270336 completed=246605 in 251.5s (981 tasks/s)
=== 09:25:17 END scope_churn rc=0 ===
=== 09:25:17 START fanout 256 ===
[   6.4s] iters=3 scopes=3 spawned=4718592 completed=4718591 polls=592896 (0.83M sched-ops/s)
[  11.8s] iters=5 scopes=5 spawned=7864320 completed=7864284 polls=988156 (0.75M sched-ops/s)
[  18.3s] iters=8 scopes=8 spawned=12582912 completed=12582541 polls=1581012 (0.77M sched-ops/s)
[  25.0s] iters=11 scopes=11 spawned=17301504 completed=17301132 polls=2173908 (0.78M sched-ops/s)
[  31.7s] iters=13 scopes=13 spawned=20447232 completed=20446860 polls=2569172 (0.73M sched-ops/s)
[  38.4s] iters=16 scopes=16 spawned=25165824 completed=25163609 polls=3161839 (0.74M sched-ops/s)
[  46.1s] iters=18 scopes=18 spawned=28311552 completed=28309337 polls=3557103 (0.69M sched-ops/s)
[  51.5s] iters=21 scopes=21 spawned=33030144 completed=33027692 polls=4149970 (0.72M sched-ops/s)
[  58.1s] iters=25 scopes=25 spawned=39321600 completed=39318655 polls=4940437 (0.76M sched-ops/s)
[  63.2s] iters=28 scopes=28 spawned=44040192 completed=44036387 polls=5533226 (0.78M sched-ops/s)
[  68.7s] iters=31 scopes=31 spawned=48758784 completed=48754978 polls=6126122 (0.80M sched-ops/s)
[  75.0s] iters=35 scopes=35 spawned=55050240 completed=55046434 polls=6916650 (0.83M sched-ops/s)
[  80.0s] iters=38 scopes=38 spawned=59768832 completed=59765021 polls=7509545 (0.84M sched-ops/s)
[  86.3s] iters=42 scopes=42 spawned=66060288 completed=66056476 polls=8300073 (0.86M sched-ops/s)
[  92.3s] iters=45 scopes=45 spawned=70778880 completed=70774161 polls=8892856 (0.86M sched-ops/s)
[  99.3s] iters=48 scopes=48 spawned=75497472 completed=75492725 polls=9485750 (0.86M sched-ops/s)
[ 104.7s] iters=50 scopes=50 spawned=78643200 completed=78638403 polls=9881007 (0.85M sched-ops/s)
[ 112.2s] iters=53 scopes=53 spawned=83361792 completed=83356939 polls=10473898 (0.84M sched-ops/s)
[ 118.7s] iters=56 scopes=56 spawned=88080384 completed=88075502 polls=11066791 (0.84M sched-ops/s)
[ 124.7s] iters=59 scopes=59 spawned=92798976 completed=92794093 polls=11659687 (0.84M sched-ops/s)
[ 129.9s] iters=62 scopes=62 spawned=97517568 completed=97512685 polls=12252583 (0.84M sched-ops/s)
[ 138.0s] iters=65 scopes=65 spawned=102236160 completed=102231243 polls=12845476 (0.83M sched-ops/s)
[ 143.3s] iters=67 scopes=67 spawned=105381888 completed=105376432 polls=13240674 (0.83M sched-ops/s)
[ 148.9s] iters=71 scopes=71 spawned=111673344 completed=111667527 polls=14031155 (0.84M sched-ops/s)
[ 157.5s] iters=74 scopes=74 spawned=116391936 completed=116386118 polls=14624051 (0.83M sched-ops/s)
[ 163.2s] iters=76 scopes=76 spawned=119537664 completed=119531212 polls=15019236 (0.82M sched-ops/s)
[ 168.9s] iters=78 scopes=78 spawned=122683392 completed=122676940 polls=15414500 (0.82M sched-ops/s)
[ 174.8s] iters=81 scopes=81 spawned=127401984 completed=127395505 polls=16007393 (0.82M sched-ops/s)
[ 180.7s] iters=84 scopes=84 spawned=132120576 completed=132112925 polls=16600144 (0.82M sched-ops/s)
[ 186.3s] iters=87 scopes=87 spawned=136839168 completed=136831515 polls=17193040 (0.83M sched-ops/s)
[ 191.4s] iters=90 scopes=90 spawned=141557760 completed=141549958 polls=17785918 (0.83M sched-ops/s)
[ 198.1s] iters=93 scopes=93 spawned=146276352 completed=146268549 polls=18378814 (0.83M sched-ops/s)
[ 203.6s] iters=96 scopes=96 spawned=150994944 completed=150986928 polls=18971684 (0.83M sched-ops/s)
[ 208.6s] iters=98 scopes=98 spawned=154140672 completed=154132640 polls=19366945 (0.83M sched-ops/s)
[ 216.9s] iters=100 scopes=100 spawned=157286400 completed=157278367 polls=19762209 (0.82M sched-ops/s)
[ 223.2s] iters=103 scopes=103 spawned=162004992 completed=161996959 polls=20355105 (0.82M sched-ops/s)
[ 230.6s] iters=105 scopes=105 spawned=165150720 completed=165142687 polls=20750369 (0.81M sched-ops/s)
[ 237.1s] iters=107 scopes=107 spawned=168296448 completed=168288405 polls=21145631 (0.80M sched-ops/s)
DONE ok: iters=108 scopes=108 spawned=169869312 completed=169861269 in 240.2s (707104 tasks/s)
=== 09:29:17 END fanout rc=0 ===
=== 09:29:17 START scope_churn 256 ===
[  26.0s] iters=1 scopes=8 spawned=24576 completed=24005 polls=241243994 (9.26M sched-ops/s)
[  45.4s] iters=2 scopes=16 spawned=49152 completed=43184 polls=433787673 (9.56M sched-ops/s)
[  73.8s] iters=3 scopes=24 spawned=73728 completed=67562 polls=678890886 (9.20M sched-ops/s)
[ 100.7s] iters=4 scopes=32 spawned=98304 completed=88886 polls=893270436 (8.87M sched-ops/s)
[ 122.9s] iters=5 scopes=40 spawned=122880 completed=108393 polls=1089062094 (8.87M sched-ops/s)
[ 141.7s] iters=6 scopes=48 spawned=147456 completed=126673 polls=1272693245 (8.98M sched-ops/s)
[ 168.4s] iters=7 scopes=56 spawned=172032 completed=148014 polls=1487519991 (8.83M sched-ops/s)
[ 195.7s] iters=8 scopes=64 spawned=196608 completed=169378 polls=1702696400 (8.70M sched-ops/s)
[ 223.8s] iters=9 scopes=72 spawned=221184 completed=192509 polls=1935516839 (8.65M sched-ops/s)
[ 250.5s] iters=10 scopes=80 spawned=245760 completed=213836 polls=2150456555 (8.59M sched-ops/s)
DONE ok: iters=10 scopes=80 spawned=245760 completed=213836 in 250.5s (854 tasks/s)
=== 09:33:27 END scope_churn rc=0 ===
=== 09:33:27 START fanout 256 ===
[   6.9s] iters=2 scopes=2 spawned=3145728 completed=3145728 polls=395264 (0.51M sched-ops/s)
[  14.0s] iters=4 scopes=4 spawned=6291456 completed=6291456 polls=790528 (0.51M sched-ops/s)
[  19.9s] iters=6 scopes=6 spawned=9437184 completed=9437184 polls=1185792 (0.53M sched-ops/s)
[  25.2s] iters=9 scopes=9 spawned=14155776 completed=14155775 polls=1778688 (0.63M sched-ops/s)
[  31.8s] iters=13 scopes=13 spawned=20447232 completed=20447225 polls=2569215 (0.72M sched-ops/s)
[  39.1s] iters=17 scopes=17 spawned=26738688 completed=26738656 polls=3359740 (0.77M sched-ops/s)
[  46.9s] iters=20 scopes=20 spawned=31457280 completed=31457218 polls=3952633 (0.75M sched-ops/s)
[  55.0s] iters=22 scopes=22 spawned=34603008 completed=34602279 polls=4347814 (0.71M sched-ops/s)
[  60.4s] iters=24 scopes=24 spawned=37748736 completed=37748006 polls=4743078 (0.70M sched-ops/s)
[  65.7s] iters=27 scopes=27 spawned=42467328 completed=42466597 polls=5335974 (0.73M sched-ops/s)
[  71.0s] iters=29 scopes=29 spawned=45613056 completed=45612279 polls=5731233 (0.72M sched-ops/s)
[  76.8s] iters=31 scopes=31 spawned=48758784 completed=48757970 polls=6126494 (0.71M sched-ops/s)
[  81.9s] iters=34 scopes=34 spawned=53477376 completed=53476562 polls=6719390 (0.73M sched-ops/s)
[  88.7s] iters=37 scopes=37 spawned=58195968 completed=58195154 polls=7312286 (0.74M sched-ops/s)
[  94.2s] iters=38 scopes=38 spawned=59768832 completed=59767971 polls=7509910 (0.71M sched-ops/s)
[  99.9s] iters=41 scopes=41 spawned=64487424 completed=64486531 polls=8102799 (0.73M sched-ops/s)
[ 106.5s] iters=45 scopes=45 spawned=70778880 completed=70777980 polls=8893327 (0.75M sched-ops/s)
[ 111.9s] iters=48 scopes=48 spawned=75497472 completed=75496381 polls=9486200 (0.76M sched-ops/s)
[ 117.5s] iters=51 scopes=51 spawned=80216064 completed=80214965 polls=10079095 (0.77M sched-ops/s)
[ 123.7s] iters=54 scopes=54 spawned=84934656 completed=84933557 polls=10671991 (0.77M sched-ops/s)
[ 130.9s] iters=56 scopes=56 spawned=88080384 completed=88079285 polls=11067255 (0.76M sched-ops/s)
[ 137.5s] iters=58 scopes=58 spawned=91226112 completed=91224910 polls=11462507 (0.75M sched-ops/s)
[ 143.8s] iters=60 scopes=60 spawned=94371840 completed=94370638 polls=11857771 (0.74M sched-ops/s)
[ 148.8s] iters=62 scopes=62 spawned=97517568 completed=97516366 polls=12253035 (0.74M sched-ops/s)
[ 155.0s] iters=66 scopes=66 spawned=103809024 completed=103807810 polls=13043563 (0.75M sched-ops/s)
[ 161.3s] iters=70 scopes=70 spawned=110100480 completed=110099266 polls=13834091 (0.77M sched-ops/s)
[ 166.3s] iters=73 scopes=73 spawned=114819072 completed=114817858 polls=14426987 (0.78M sched-ops/s)
[ 173.6s] iters=77 scopes=77 spawned=121110528 completed=121109301 polls=15217514 (0.79M sched-ops/s)
[ 180.2s] iters=79 scopes=79 spawned=124256256 completed=124255029 polls=15612778 (0.78M sched-ops/s)
[ 187.7s] iters=81 scopes=81 spawned=127401984 completed=127400715 polls=16008038 (0.76M sched-ops/s)
[ 193.3s] iters=84 scopes=84 spawned=132120576 completed=132119307 polls=16600934 (0.77M sched-ops/s)
[ 199.0s] iters=87 scopes=87 spawned=136839168 completed=136837826 polls=17193820 (0.77M sched-ops/s)
[ 205.6s] iters=91 scopes=91 spawned=143130624 completed=143129163 polls=17984333 (0.78M sched-ops/s)
[ 210.9s] iters=94 scopes=94 spawned=147849216 completed=147847734 polls=18577226 (0.79M sched-ops/s)
[ 216.5s] iters=96 scopes=96 spawned=150994944 completed=150993190 polls=18972459 (0.79M sched-ops/s)
[ 222.8s] iters=98 scopes=98 spawned=154140672 completed=154138918 polls=19367723 (0.78M sched-ops/s)
[ 228.1s] iters=101 scopes=101 spawned=158859264 completed=158857510 polls=19960619 (0.78M sched-ops/s)
[ 235.3s] iters=104 scopes=104 spawned=163577856 completed=163576101 polls=20553515 (0.78M sched-ops/s)
[ 241.7s] iters=107 scopes=107 spawned=168296448 completed=168294693 polls=21146411 (0.78M sched-ops/s)
DONE ok: iters=107 scopes=107 spawned=168296448 completed=168294693 in 241.7s (696437 tasks/s)
=== 09:37:29 END fanout rc=0 ===
=== 09:37:29 START scope_churn 256 ===
[  23.7s] iters=1 scopes=8 spawned=24576 completed=24317 polls=244306222 (10.29M sched-ops/s)
[  48.4s] iters=2 scopes=16 spawned=49152 completed=45664 polls=458990928 (9.48M sched-ops/s)
[  77.9s] iters=3 scopes=24 spawned=73728 completed=70000 polls=703920725 (9.04M sched-ops/s)
[ 104.7s] iters=4 scopes=32 spawned=98304 completed=94355 polls=948719554 (9.06M sched-ops/s)
[ 128.2s] iters=5 scopes=40 spawned=122880 completed=118666 polls=1193214673 (9.31M sched-ops/s)
[ 151.0s] iters=6 scopes=48 spawned=147456 completed=141151 polls=1419547316 (9.40M sched-ops/s)
[ 174.3s] iters=7 scopes=56 spawned=172032 completed=163728 polls=1646107886 (9.44M sched-ops/s)
[ 197.8s] iters=8 scopes=64 spawned=196608 completed=184660 polls=1856365275 (9.39M sched-ops/s)
[ 223.9s] iters=9 scopes=72 spawned=221184 completed=208989 polls=2100877061 (9.38M sched-ops/s)
[ 251.5s] iters=10 scopes=80 spawned=245760 completed=232554 polls=2337941134 (9.30M sched-ops/s)
DONE ok: iters=10 scopes=80 spawned=245760 completed=232554 in 251.5s (925 tasks/s)
=== 09:41:41 END scope_churn rc=0 ===
=== 09:41:41 START fanout 256 ===
[   7.4s] iters=2 scopes=2 spawned=3145728 completed=3145728 polls=395264 (0.48M sched-ops/s)
[  13.6s] iters=4 scopes=4 spawned=6291456 completed=6291456 polls=790528 (0.52M sched-ops/s)
[  18.8s] iters=7 scopes=7 spawned=11010048 completed=11010006 polls=1383419 (0.66M sched-ops/s)
[  25.5s] iters=10 scopes=10 spawned=15728640 completed=15728598 polls=1976315 (0.69M sched-ops/s)
[  31.5s] iters=14 scopes=14 spawned=22020096 completed=22019813 polls=2766814 (0.79M sched-ops/s)
[  37.3s] iters=17 scopes=17 spawned=26738688 completed=26738382 polls=3359708 (0.81M sched-ops/s)
[  43.1s] iters=19 scopes=19 spawned=29884416 completed=29882369 polls=3754755 (0.78M sched-ops/s)
[  49.2s] iters=22 scopes=22 spawned=34603008 completed=34600960 polls=4347651 (0.79M sched-ops/s)
[  54.5s] iters=25 scopes=25 spawned=39321600 completed=39319423 polls=4940529 (0.81M sched-ops/s)
[  59.5s] iters=28 scopes=28 spawned=44040192 completed=44037729 polls=5533391 (0.83M sched-ops/s)
[  65.2s] iters=31 scopes=31 spawned=48758784 completed=48756315 polls=6126286 (0.84M sched-ops/s)
[  70.4s] iters=33 scopes=33 spawned=51904512 completed=51901552 polls=6521489 (0.83M sched-ops/s)
[  75.9s] iters=36 scopes=36 spawned=56623104 completed=56620138 polls=7114385 (0.84M sched-ops/s)
[  81.0s] iters=39 scopes=39 spawned=61341696 completed=61338730 polls=7707281 (0.85M sched-ops/s)
[  87.8s] iters=42 scopes=42 spawned=66060288 completed=66057322 polls=8300177 (0.85M sched-ops/s)
[  93.9s] iters=45 scopes=45 spawned=70778880 completed=70775774 polls=8893056 (0.85M sched-ops/s)
[  99.3s] iters=48 scopes=48 spawned=75497472 completed=75494359 polls=9485952 (0.86M sched-ops/s)
[ 105.3s] iters=51 scopes=51 spawned=80216064 completed=80212891 polls=10078841 (0.86M sched-ops/s)
[ 110.8s] iters=54 scopes=54 spawned=84934656 completed=84931483 polls=10671737 (0.86M sched-ops/s)
[ 117.0s] iters=57 scopes=57 spawned=89653248 completed=89650075 polls=11264633 (0.86M sched-ops/s)
[ 124.0s] iters=61 scopes=61 spawned=95944704 completed=95941531 polls=12055161 (0.87M sched-ops/s)
[ 131.4s] iters=64 scopes=64 spawned=100663296 completed=100660122 polls=12648057 (0.86M sched-ops/s)
[ 137.2s] iters=67 scopes=67 spawned=105381888 completed=105378686 polls=13240951 (0.86M sched-ops/s)
[ 143.5s] iters=71 scopes=71 spawned=111673344 completed=111669365 polls=14031382 (0.88M sched-ops/s)
[ 149.2s] iters=74 scopes=74 spawned=116391936 completed=116387957 polls=14624278 (0.88M sched-ops/s)
[ 155.2s] iters=77 scopes=77 spawned=121110528 completed=121106548 polls=15217174 (0.88M sched-ops/s)
[ 161.5s] iters=81 scopes=81 spawned=127401984 completed=127398004 polls=16007702 (0.89M sched-ops/s)
[ 168.1s] iters=85 scopes=85 spawned=133693440 completed=133689307 polls=16798213 (0.90M sched-ops/s)
[ 174.6s] iters=89 scopes=89 spawned=139984896 completed=139980763 polls=17588741 (0.90M sched-ops/s)
[ 181.0s] iters=93 scopes=93 spawned=146276352 completed=146272218 polls=18379269 (0.91M sched-ops/s)
[ 186.8s] iters=97 scopes=97 spawned=152567808 completed=152563112 polls=19169727 (0.92M sched-ops/s)
[ 193.3s] iters=100 scopes=100 spawned=157286400 completed=157281491 polls=19762597 (0.92M sched-ops/s)
[ 199.3s] iters=103 scopes=103 spawned=162004992 completed=162000083 polls=20355493 (0.91M sched-ops/s)
[ 205.0s] iters=106 scopes=106 spawned=166723584 completed=166718675 polls=20948389 (0.92M sched-ops/s)
[ 210.9s] iters=108 scopes=108 spawned=169869312 completed=169864402 polls=21343653 (0.91M sched-ops/s)
[ 216.9s] iters=111 scopes=111 spawned=174587904 completed=174582994 polls=21936549 (0.91M sched-ops/s)
[ 223.8s] iters=113 scopes=113 spawned=177733632 completed=177728721 polls=22331813 (0.89M sched-ops/s)
[ 229.5s] iters=116 scopes=116 spawned=182452224 completed=182447231 polls=22924701 (0.89M sched-ops/s)
[ 237.3s] iters=119 scopes=119 spawned=187170816 completed=187165722 polls=23517582 (0.89M sched-ops/s)
DONE ok: iters=120 scopes=120 spawned=188743680 completed=188738586 in 240.3s (785464 tasks/s)
=== 09:45:41 END fanout rc=0 ===
=== FOCUS SOAK COMPLETE ===
