=== 08:29:42 START mode=scope_churn threads=256 secs=360 ===
[  27.4s] iters=1 scopes=8 spawned=24576 completed=22988 polls=231661492 (8.44M sched-ops/s)
[  55.4s] iters=2 scopes=16 spawned=49152 completed=47303 polls=476607759 (8.60M sched-ops/s)
[  83.7s] iters=3 scopes=24 spawned=73728 completed=71557 polls=721358719 (8.62M sched-ops/s)
[ 112.4s] iters=4 scopes=32 spawned=98304 completed=95801 polls=966252786 (8.59M sched-ops/s)
[ 137.5s] iters=5 scopes=40 spawned=122880 completed=117084 polls=1181062437 (8.59M sched-ops/s)
[ 166.3s] iters=6 scopes=48 spawned=147456 completed=141404 polls=1426218930 (8.58M sched-ops/s)
[ 193.1s] iters=7 scopes=56 spawned=172032 completed=164734 polls=1660800020 (8.60M sched-ops/s)
[ 219.8s] iters=8 scopes=64 spawned=196608 completed=188236 polls=1897337842 (8.63M sched-ops/s)
[ 246.4s] iters=9 scopes=72 spawned=221184 completed=212507 polls=2142000168 (8.69M sched-ops/s)
[ 272.2s] iters=10 scopes=80 spawned=245760 completed=235870 polls=2377432860 (8.73M sched-ops/s)
[ 299.0s] iters=11 scopes=88 spawned=270336 completed=259339 polls=2613794332 (8.74M sched-ops/s)
[ 321.3s] iters=12 scopes=96 spawned=294912 completed=281098 polls=2832574899 (8.82M sched-ops/s)
[ 342.8s] iters=13 scopes=104 spawned=319488 completed=305221 polls=3075308244 (8.97M sched-ops/s)
[ 364.2s] iters=14 scopes=112 spawned=344064 completed=329554 polls=3319797301 (9.12M sched-ops/s)
DONE ok: iters=14 scopes=112 spawned=344064 completed=329554 in 364.2s (905 tasks/s)
=== 08:35:46 END   mode=scope_churn threads=256 rc=0 ===
=== 08:35:46 START mode=fanout threads=256 secs=360 ===
[   6.0s] iters=3 scopes=3 spawned=4718592 completed=4718592 polls=592896 (0.89M sched-ops/s)
[  12.8s] iters=6 scopes=6 spawned=9437184 completed=9437084 polls=1185779 (0.83M sched-ops/s)
[  19.8s] iters=9 scopes=9 spawned=14155776 completed=14155539 polls=1778658 (0.81M sched-ops/s)
[  25.7s] iters=12 scopes=12 spawned=18874368 completed=18874131 polls=2371554 (0.83M sched-ops/s)
[  31.1s] iters=15 scopes=15 spawned=23592960 completed=23592713 polls=2964449 (0.85M sched-ops/s)
[  37.2s] iters=18 scopes=18 spawned=28311552 completed=28310781 polls=3557280 (0.86M sched-ops/s)
[  43.8s] iters=21 scopes=21 spawned=33030144 completed=33029021 polls=4150132 (0.85M sched-ops/s)
[  51.1s] iters=23 scopes=23 spawned=36175872 completed=36173678 polls=4545263 (0.80M sched-ops/s)
[  57.6s] iters=25 scopes=25 spawned=39321600 completed=39319405 polls=4940527 (0.77M sched-ops/s)
[  64.3s] iters=29 scopes=29 spawned=45613056 completed=45610750 polls=5731041 (0.80M sched-ops/s)
[  70.4s] iters=33 scopes=33 spawned=51904512 completed=51902206 polls=6521569 (0.83M sched-ops/s)
[  77.3s] iters=37 scopes=37 spawned=58195968 completed=58193662 polls=7312097 (0.85M sched-ops/s)
[  82.4s] iters=40 scopes=40 spawned=62914560 completed=62912250 polls=7904993 (0.86M sched-ops/s)
[  87.5s] iters=43 scopes=43 spawned=67633152 completed=67630842 polls=8497889 (0.87M sched-ops/s)
[  92.7s] iters=45 scopes=45 spawned=70778880 completed=70776570 polls=8893153 (0.86M sched-ops/s)
[  97.8s] iters=47 scopes=47 spawned=73924608 completed=73922298 polls=9288417 (0.85M sched-ops/s)
[ 106.4s] iters=50 scopes=50 spawned=78643200 completed=78640869 polls=9881309 (0.83M sched-ops/s)
[ 111.4s] iters=52 scopes=52 spawned=81788928 completed=81786589 polls=10276573 (0.83M sched-ops/s)
[ 117.0s] iters=54 scopes=54 spawned=84934656 completed=84932260 polls=10671830 (0.82M sched-ops/s)
[ 123.0s] iters=58 scopes=58 spawned=91226112 completed=91223605 polls=11462342 (0.84M sched-ops/s)
[ 129.1s] iters=63 scopes=63 spawned=99090432 completed=99081192 polls=12449664 (0.86M sched-ops/s)
[ 135.1s] iters=67 scopes=67 spawned=105381888 completed=105371401 polls=13240035 (0.88M sched-ops/s)
[ 141.3s] iters=71 scopes=71 spawned=111673344 completed=111662857 polls=14030563 (0.89M sched-ops/s)
[ 147.7s] iters=75 scopes=75 spawned=117964800 completed=117949465 polls=14820485 (0.90M sched-ops/s)
[ 154.1s] iters=79 scopes=79 spawned=124256256 completed=124239262 polls=15610807 (0.91M sched-ops/s)
[ 160.4s] iters=83 scopes=83 spawned=130547712 completed=130526821 polls=16400849 (0.92M sched-ops/s)
[ 165.8s] iters=87 scopes=87 spawned=136839168 completed=136813163 polls=17190739 (0.93M sched-ops/s)
[ 171.0s] iters=91 scopes=91 spawned=143130624 completed=143099387 polls=17980618 (0.94M sched-ops/s)
[ 176.3s] iters=95 scopes=95 spawned=149422080 completed=149390682 polls=18771122 (0.95M sched-ops/s)
[ 181.9s] iters=99 scopes=99 spawned=155713536 completed=155682138 polls=19561650 (0.96M sched-ops/s)
[ 188.1s] iters=103 scopes=103 spawned=162004992 completed=161973562 polls=20352174 (0.97M sched-ops/s)
[ 194.4s] iters=108 scopes=108 spawned=169869312 completed=169835200 polls=21339999 (0.98M sched-ops/s)
[ 200.5s] iters=113 scopes=113 spawned=177733632 completed=177694315 polls=22327509 (1.00M sched-ops/s)
[ 206.8s] iters=117 scopes=117 spawned=184025088 completed=183983309 polls=23117729 (1.00M sched-ops/s)
[ 212.4s] iters=121 scopes=121 spawned=190316544 completed=190273778 polls=23908143 (1.01M sched-ops/s)
[ 218.0s] iters=125 scopes=125 spawned=196608000 completed=196559700 polls=24697980 (1.01M sched-ops/s)
[ 223.6s] iters=129 scopes=129 spawned=202899456 completed=202851125 polls=25488505 (1.02M sched-ops/s)
[ 228.8s] iters=133 scopes=133 spawned=209190912 completed=209135113 polls=26278100 (1.03M sched-ops/s)
[ 235.3s] iters=137 scopes=137 spawned=215482368 completed=215421887 polls=27068038 (1.03M sched-ops/s)
[ 241.1s] iters=142 scopes=142 spawned=223346688 completed=223271701 polls=28054386 (1.04M sched-ops/s)
[ 246.9s] iters=146 scopes=146 spawned=229638144 completed=229559786 polls=28844494 (1.05M sched-ops/s)
[ 252.4s] iters=150 scopes=150 spawned=235929600 completed=235825265 polls=29631773 (1.05M sched-ops/s)
[ 257.4s] iters=154 scopes=154 spawned=242221056 completed=242116718 polls=30422301 (1.06M sched-ops/s)
[ 262.7s] iters=158 scopes=158 spawned=248512512 completed=248403483 polls=31212242 (1.06M sched-ops/s)
[ 268.6s] iters=162 scopes=162 spawned=254803968 completed=254694937 polls=32002770 (1.07M sched-ops/s)
[ 273.7s] iters=165 scopes=165 spawned=259522560 completed=259413424 polls=32595654 (1.07M sched-ops/s)
[ 279.5s] iters=169 scopes=169 spawned=265814016 completed=265704795 polls=33386172 (1.07M sched-ops/s)
[ 284.5s] iters=173 scopes=173 spawned=272105472 completed=271989738 polls=34175877 (1.08M sched-ops/s)
[ 289.8s] iters=177 scopes=177 spawned=278396928 completed=278280959 polls=34966374 (1.08M sched-ops/s)
[ 296.0s] iters=181 scopes=181 spawned=284688384 completed=284567963 polls=35756346 (1.08M sched-ops/s)
[ 301.7s] iters=185 scopes=185 spawned=290979840 completed=290852392 polls=36546006 (1.09M sched-ops/s)
[ 306.8s] iters=189 scopes=189 spawned=297271296 completed=297142795 polls=37336402 (1.09M sched-ops/s)
[ 313.2s] iters=193 scopes=193 spawned=303562752 completed=303428610 polls=38126225 (1.09M sched-ops/s)
[ 318.9s] iters=197 scopes=197 spawned=309854208 completed=309715572 polls=38916193 (1.09M sched-ops/s)
[ 325.5s] iters=201 scopes=201 spawned=316145664 completed=316004620 polls=39706421 (1.09M sched-ops/s)
[ 330.8s] iters=205 scopes=205 spawned=322437120 completed=322295147 polls=40496833 (1.10M sched-ops/s)
[ 336.5s] iters=209 scopes=209 spawned=328728576 completed=328586592 polls=41287359 (1.10M sched-ops/s)
[ 342.8s] iters=213 scopes=213 spawned=335020032 completed=334873090 polls=42077263 (1.10M sched-ops/s)
[ 349.2s] iters=217 scopes=217 spawned=341311488 completed=341163737 polls=42867691 (1.10M sched-ops/s)
[ 355.6s] iters=221 scopes=221 spawned=347602944 completed=347455102 polls=43658210 (1.10M sched-ops/s)
[ 362.0s] iters=224 scopes=224 spawned=352321536 completed=352173694 polls=44251106 (1.10M sched-ops/s)
DONE ok: iters=224 scopes=224 spawned=352321536 completed=352173694 in 362.0s (972832 tasks/s)
=== 08:41:48 END   mode=fanout threads=256 rc=0 ===
=== 08:41:48 START mode=mixed threads=128 secs=360 ===
[  20.1s] iters=1 scopes=6 spawned=22338 completed=22198 polls=222633113 (11.07M sched-ops/s)
[  32.8s] iters=2 scopes=12 spawned=39570 completed=36349 polls=364642167 (11.11M sched-ops/s)
[  47.3s] iters=3 scopes=18 spawned=56184 completed=52491 polls=526633879 (11.12M sched-ops/s)
[  69.5s] iters=8 scopes=26 spawned=1741346 completed=1737299 polls=767461690 (11.07M sched-ops/s)
[  80.9s] iters=11 scopes=34 spawned=2849390 completed=2845199 polls=895483547 (11.10M sched-ops/s)
[  86.0s] iters=18 scopes=41 spawned=7272046 completed=7267280 polls=896039886 (10.50M sched-ops/s)
[  99.9s] iters=20 scopes=48 spawned=8206130 completed=8198388 polls=1042979562 (10.52M sched-ops/s)
[ 105.3s] iters=34 scopes=59 spawned=12903881 completed=12896139 polls=1044049043 (10.04M sched-ops/s)
[ 118.6s] iters=38 scopes=67 spawned=13645797 completed=13634008 polls=1197228115 (10.21M sched-ops/s)
[ 136.3s] iters=40 scopes=74 spawned=13672073 completed=13660179 polls=1387875743 (10.29M sched-ops/s)
[ 147.5s] iters=42 scopes=80 spawned=13827172 completed=13809910 polls=1514390377 (10.36M sched-ops/s)
[ 162.7s] iters=43 scopes=86 spawned=13843594 completed=13826177 polls=1677691878 (10.39M sched-ops/s)
[ 181.2s] iters=45 scopes=93 spawned=14132378 completed=14110924 polls=1873558134 (10.42M sched-ops/s)
[ 196.9s] iters=48 scopes=100 spawned=14634863 completed=14612122 polls=2055003577 (10.51M sched-ops/s)
[ 208.5s] iters=49 scopes=106 spawned=14650475 completed=14625020 polls=2184472814 (10.55M sched-ops/s)
[ 222.8s] iters=52 scopes=114 spawned=16010157 completed=15984584 polls=2330482153 (10.53M sched-ops/s)
[ 236.8s] iters=55 scopes=122 spawned=16490711 completed=16465028 polls=2488338172 (10.58M sched-ops/s)
[ 255.3s] iters=60 scopes=131 spawned=17181139 completed=17151492 polls=2681656280 (10.57M sched-ops/s)
[ 260.5s] iters=62 scopes=138 spawned=17202669 completed=17161383 polls=2739317536 (10.58M sched-ops/s)
[ 281.5s] iters=66 scopes=145 spawned=18523929 completed=18482086 polls=2958473921 (10.58M sched-ops/s)
[ 303.6s] iters=69 scopes=151 spawned=18821676 completed=18779674 polls=3192560055 (10.58M sched-ops/s)
[ 318.8s] iters=74 scopes=158 spawned=19257109 completed=19214367 polls=3353932470 (10.58M sched-ops/s)
[ 332.0s] iters=75 scopes=164 spawned=19270705 completed=19227808 polls=3488950292 (10.57M sched-ops/s)
[ 339.6s] iters=76 scopes=170 spawned=19288237 completed=19236619 polls=3577267582 (10.59M sched-ops/s)
[ 357.7s] iters=82 scopes=185 spawned=19476649 completed=19410845 polls=3753932106 (10.55M sched-ops/s)
[ 377.6s] iters=83 scopes=191 spawned=19499827 completed=19431300 polls=3958937928 (10.54M sched-ops/s)
DONE ok: iters=83 scopes=191 spawned=19499827 completed=19431300 in 377.6s (51461 tasks/s)
=== 08:48:06 END   mode=mixed threads=128 rc=0 ===
=== 08:48:06 START mode=fanout threads=128 secs=360 ===
[   5.4s] iters=9 scopes=9 spawned=7077888 completed=7071982 polls=888608 (1.47M sched-ops/s)
[  10.5s] iters=16 scopes=16 spawned=12582912 completed=12572329 polls=1579735 (1.35M sched-ops/s)
[  16.4s] iters=22 scopes=22 spawned=17301504 completed=17290920 polls=2172631 (1.19M sched-ops/s)
[  21.6s] iters=28 scopes=28 spawned=22020096 completed=22009465 polls=2765521 (1.14M sched-ops/s)
[  26.8s] iters=34 scopes=34 spawned=26738688 completed=26728054 polls=3358417 (1.12M sched-ops/s)
[  32.2s] iters=39 scopes=39 spawned=30670848 completed=30660212 polls=3852496 (1.07M sched-ops/s)
[  37.5s] iters=44 scopes=44 spawned=34603008 completed=34592372 polls=4346576 (1.04M sched-ops/s)
[  42.9s] iters=52 scopes=52 spawned=40894464 completed=40883690 polls=5137084 (1.07M sched-ops/s)
[  48.8s] iters=58 scopes=58 spawned=45613056 completed=45602258 polls=5729978 (1.05M sched-ops/s)
[  54.4s] iters=64 scopes=64 spawned=50331648 completed=50319981 polls=6322765 (1.04M sched-ops/s)
[  60.2s] iters=69 scopes=69 spawned=54263808 completed=54252141 polls=6816845 (1.01M sched-ops/s)
[  65.6s] iters=75 scopes=75 spawned=58982400 completed=58970613 polls=7409725 (1.01M sched-ops/s)
[  70.9s] iters=80 scopes=80 spawned=62914560 completed=62902767 polls=7903802 (1.00M sched-ops/s)
[  76.2s] iters=84 scopes=84 spawned=66060288 completed=66048481 polls=8299063 (0.98M sched-ops/s)
[  81.3s] iters=90 scopes=90 spawned=70778880 completed=70767055 polls=8891957 (0.98M sched-ops/s)
[  86.7s] iters=97 scopes=97 spawned=76283904 completed=76272030 polls=9583666 (0.99M sched-ops/s)
[  92.3s] iters=106 scopes=106 spawned=83361792 completed=83348846 polls=10472871 (1.02M sched-ops/s)
[  97.3s] iters=113 scopes=113 spawned=88866816 completed=88851812 polls=11164327 (1.03M sched-ops/s)
[ 102.4s] iters=117 scopes=117 spawned=92012544 completed=91997506 polls=11559587 (1.01M sched-ops/s)
[ 108.5s] iters=122 scopes=122 spawned=95944704 completed=95929638 polls=12053664 (1.00M sched-ops/s)
[ 114.3s] iters=127 scopes=127 spawned=99876864 completed=99861797 polls=12547744 (0.98M sched-ops/s)
[ 120.0s] iters=132 scopes=132 spawned=103809024 completed=103793910 polls=13041815 (0.97M sched-ops/s)
[ 125.1s] iters=136 scopes=136 spawned=106954752 completed=106939586 polls=13437072 (0.96M sched-ops/s)
[ 130.7s] iters=141 scopes=141 spawned=110886912 completed=110871741 polls=13931152 (0.95M sched-ops/s)
[ 136.3s] iters=146 scopes=146 spawned=114819072 completed=114803875 polls=14425230 (0.95M sched-ops/s)
[ 142.1s] iters=153 scopes=153 spawned=120324096 completed=120308866 polls=15116939 (0.95M sched-ops/s)
[ 148.1s] iters=159 scopes=159 spawned=125042688 completed=125027417 polls=15709832 (0.95M sched-ops/s)
[ 153.8s] iters=165 scopes=165 spawned=129761280 completed=129745997 polls=16302726 (0.95M sched-ops/s)
[ 158.9s] iters=171 scopes=171 spawned=134479872 completed=134464588 polls=16895622 (0.95M sched-ops/s)
[ 164.1s] iters=177 scopes=177 spawned=139198464 completed=139183180 polls=17488518 (0.95M sched-ops/s)
[ 169.8s] iters=185 scopes=185 spawned=145489920 completed=145474599 polls=18279039 (0.96M sched-ops/s)
[ 175.5s] iters=192 scopes=192 spawned=150994944 completed=150979595 polls=18970747 (0.97M sched-ops/s)
[ 180.9s] iters=200 scopes=200 spawned=157286400 completed=157271001 polls=19761274 (0.98M sched-ops/s)
[ 185.9s] iters=207 scopes=207 spawned=162791424 completed=162776021 polls=20452986 (0.99M sched-ops/s)
[ 191.2s] iters=213 scopes=213 spawned=167510016 completed=167494237 polls=21045836 (0.99M sched-ops/s)
[ 196.6s] iters=219 scopes=219 spawned=172228608 completed=172212828 polls=21638732 (0.99M sched-ops/s)
[ 202.1s] iters=226 scopes=226 spawned=177733632 completed=177717424 polls=22330391 (0.99M sched-ops/s)
[ 207.5s] iters=233 scopes=233 spawned=183238656 completed=183222018 polls=23022050 (0.99M sched-ops/s)
[ 213.2s] iters=240 scopes=240 spawned=188743680 completed=188727015 polls=23713756 (1.00M sched-ops/s)
[ 219.1s] iters=247 scopes=247 spawned=194248704 completed=194231955 polls=24405459 (1.00M sched-ops/s)
[ 224.8s] iters=254 scopes=254 spawned=199753728 completed=199736977 polls=25097171 (1.00M sched-ops/s)
[ 230.6s] iters=261 scopes=261 spawned=205258752 completed=205241995 polls=25788882 (1.00M sched-ops/s)
[ 236.6s] iters=268 scopes=268 spawned=210763776 completed=210746842 polls=26480568 (1.00M sched-ops/s)
[ 242.0s] iters=273 scopes=273 spawned=214695936 completed=214678595 polls=26974597 (1.00M sched-ops/s)
[ 247.2s] iters=277 scopes=277 spawned=217841664 completed=217824270 polls=27369855 (0.99M sched-ops/s)
[ 252.2s] iters=281 scopes=281 spawned=220987392 completed=220969975 polls=27765117 (0.99M sched-ops/s)
[ 258.0s] iters=287 scopes=287 spawned=225705984 completed=225688438 polls=28357999 (0.98M sched-ops/s)
[ 263.5s] iters=293 scopes=293 spawned=230424576 completed=230407008 polls=28950894 (0.98M sched-ops/s)
[ 268.7s] iters=298 scopes=298 spawned=234356736 completed=234339138 polls=29444969 (0.98M sched-ops/s)
[ 274.2s] iters=304 scopes=304 spawned=239075328 completed=239057730 polls=30037865 (0.98M sched-ops/s)
[ 279.7s] iters=311 scopes=311 spawned=244580352 completed=244562243 polls=30729516 (0.98M sched-ops/s)
[ 285.2s] iters=318 scopes=318 spawned=250085376 completed=250067198 polls=31421218 (0.99M sched-ops/s)
[ 291.4s] iters=325 scopes=325 spawned=255590400 completed=255572216 polls=32112929 (0.99M sched-ops/s)
[ 296.8s] iters=331 scopes=331 spawned=260308992 completed=260290745 polls=32705818 (0.99M sched-ops/s)
[ 301.9s] iters=337 scopes=337 spawned=265027584 completed=265008316 polls=33298588 (0.99M sched-ops/s)
[ 307.1s] iters=344 scopes=344 spawned=270532608 completed=270513335 polls=33990300 (0.99M sched-ops/s)
[ 312.8s] iters=350 scopes=350 spawned=275251200 completed=275231907 polls=34583195 (0.99M sched-ops/s)
[ 318.2s] iters=355 scopes=355 spawned=279183360 completed=279163445 polls=35077198 (0.99M sched-ops/s)
[ 323.6s] iters=361 scopes=361 spawned=283901952 completed=283882012 polls=35670092 (0.99M sched-ops/s)
[ 330.1s] iters=367 scopes=367 spawned=288620544 completed=288600596 polls=36262987 (0.98M sched-ops/s)
[ 335.5s] iters=373 scopes=373 spawned=293339136 completed=293319164 polls=36855880 (0.98M sched-ops/s)
[ 340.6s] iters=379 scopes=379 spawned=298057728 completed=298037635 polls=37448765 (0.99M sched-ops/s)
[ 346.7s] iters=384 scopes=384 spawned=301989888 completed=301969794 polls=37942845 (0.98M sched-ops/s)
[ 351.9s] iters=388 scopes=388 spawned=305135616 completed=305115462 polls=38338101 (0.98M sched-ops/s)
[ 357.5s] iters=395 scopes=395 spawned=310640640 completed=310620158 polls=39029775 (0.98M sched-ops/s)
DONE ok: iters=399 scopes=399 spawned=313786368 completed=313765561 in 360.5s (870289 tasks/s)
=== 08:54:06 END   mode=fanout threads=128 rc=0 ===
=== 08:54:06 START mode=scope_churn threads=64 secs=360 ===
[  24.8s] iters=1 scopes=8 spawned=24576 completed=24306 polls=244392073 (9.84M sched-ops/s)
[  44.5s] iters=2 scopes=16 spawned=49152 completed=44318 polls=445453453 (10.02M sched-ops/s)
[  64.8s] iters=3 scopes=24 spawned=73728 completed=66524 polls=668408583 (10.31M sched-ops/s)
[  90.2s] iters=4 scopes=32 spawned=98304 completed=90854 polls=912913768 (10.13M sched-ops/s)
[ 114.2s] iters=5 scopes=40 spawned=122880 completed=113380 polls=1139407423 (9.98M sched-ops/s)
[ 135.3s] iters=6 scopes=48 spawned=147456 completed=135621 polls=1362875437 (10.07M sched-ops/s)
[ 157.2s] iters=7 scopes=56 spawned=172032 completed=157354 polls=1581536673 (10.06M sched-ops/s)
[ 181.8s] iters=8 scopes=64 spawned=196608 completed=180649 polls=1815914518 (9.99M sched-ops/s)
[ 206.2s] iters=9 scopes=72 spawned=221184 completed=203420 polls=2044874998 (9.92M sched-ops/s)
[ 231.3s] iters=10 scopes=80 spawned=245760 completed=227747 polls=2289512632 (9.90M sched-ops/s)
[ 254.8s] iters=11 scopes=88 spawned=270336 completed=250712 polls=2519929580 (9.89M sched-ops/s)
[ 277.3s] iters=12 scopes=96 spawned=294912 completed=275067 polls=2764373971 (9.97M sched-ops/s)
[ 298.3s] iters=13 scopes=104 spawned=319488 completed=296461 polls=2979395411 (9.99M sched-ops/s)
[ 319.7s] iters=14 scopes=112 spawned=344064 completed=319930 polls=3215374155 (10.06M sched-ops/s)
[ 340.8s] iters=15 scopes=120 spawned=368640 completed=344278 polls=3459832234 (10.15M sched-ops/s)
[ 360.8s] iters=16 scopes=128 spawned=393216 completed=366388 polls=3681750451 (10.21M sched-ops/s)
DONE ok: iters=16 scopes=128 spawned=393216 completed=366388 in 360.8s (1016 tasks/s)
=== 09:00:07 END   mode=scope_churn threads=64 rc=0 ===
=== 09:00:07 START mode=yield_storm threads=256 secs=360 ===
[   5.0s] iters=590 scopes=590 spawned=3624960 completed=3624960 polls=18124800 (4.35M sched-ops/s)
[  10.0s] iters=1216 scopes=1216 spawned=7471104 completed=7471104 polls=37355520 (4.48M sched-ops/s)
[  15.0s] iters=1788 scopes=1788 spawned=10985472 completed=10985472 polls=54927360 (4.39M sched-ops/s)
[  20.1s] iters=2232 scopes=2232 spawned=13713408 completed=13713408 polls=68567040 (4.10M sched-ops/s)
[  25.1s] iters=2593 scopes=2593 spawned=15931392 completed=15931392 polls=79656960 (3.81M sched-ops/s)
[  30.1s] iters=2830 scopes=2830 spawned=17387520 completed=17387520 polls=86937600 (3.47M sched-ops/s)
[  35.1s] iters=3188 scopes=3188 spawned=19587072 completed=19587072 polls=97935360 (3.35M sched-ops/s)
[  40.1s] iters=3438 scopes=3438 spawned=21123072 completed=21123072 polls=105615360 (3.16M sched-ops/s)
[  45.3s] iters=3680 scopes=3680 spawned=22609920 completed=22609920 polls=113049600 (3.00M sched-ops/s)
[  50.3s] iters=3981 scopes=3981 spawned=24459264 completed=24459264 polls=122296320 (2.92M sched-ops/s)
[  55.3s] iters=4405 scopes=4405 spawned=27064320 completed=27064320 polls=135321600 (2.94M sched-ops/s)
[  60.3s] iters=5002 scopes=5002 spawned=30732288 completed=30732288 polls=153661440 (3.06M sched-ops/s)
[  65.3s] iters=5546 scopes=5546 spawned=34074624 completed=34074624 polls=170373120 (3.13M sched-ops/s)
[  70.3s] iters=6086 scopes=6086 spawned=37392384 completed=37392384 polls=186961920 (3.19M sched-ops/s)
[  75.3s] iters=6669 scopes=6669 spawned=40974336 completed=40974336 polls=204871680 (3.26M sched-ops/s)
[  80.3s] iters=7217 scopes=7217 spawned=44341248 completed=44341248 polls=221706240 (3.31M sched-ops/s)
[  85.3s] iters=7815 scopes=7815 spawned=48015360 completed=48015360 polls=240076800 (3.38M sched-ops/s)
[  90.3s] iters=8377 scopes=8377 spawned=51468288 completed=51468288 polls=257341440 (3.42M sched-ops/s)
[  95.3s] iters=8955 scopes=8955 spawned=55019520 completed=55019520 polls=275097600 (3.46M sched-ops/s)
[ 100.3s] iters=9507 scopes=9507 spawned=58411008 completed=58411008 polls=292055040 (3.49M sched-ops/s)
[ 105.3s] iters=10093 scopes=10093 spawned=62011392 completed=62011392 polls=310056960 (3.53M sched-ops/s)
[ 110.3s] iters=10691 scopes=10691 spawned=65685504 completed=65685504 polls=328427520 (3.57M sched-ops/s)
[ 115.3s] iters=11260 scopes=11260 spawned=69181440 completed=69181440 polls=345907200 (3.60M sched-ops/s)
[ 120.3s] iters=11797 scopes=11797 spawned=72480768 completed=72480768 polls=362403840 (3.61M sched-ops/s)
[ 125.3s] iters=12324 scopes=12324 spawned=75718656 completed=75718656 polls=378593280 (3.62M sched-ops/s)
[ 130.3s] iters=12868 scopes=12868 spawned=79060992 completed=79060992 polls=395304960 (3.64M sched-ops/s)
[ 135.3s] iters=13433 scopes=13433 spawned=82532352 completed=82532352 polls=412661760 (3.66M sched-ops/s)
[ 140.4s] iters=14025 scopes=14025 spawned=86169600 completed=86169600 polls=430848000 (3.68M sched-ops/s)
[ 145.4s] iters=14613 scopes=14613 spawned=89782272 completed=89782272 polls=448911360 (3.71M sched-ops/s)
[ 150.4s] iters=15227 scopes=15227 spawned=93554688 completed=93554688 polls=467773440 (3.73M sched-ops/s)
[ 155.4s] iters=15771 scopes=15771 spawned=96897024 completed=96897024 polls=484485120 (3.74M sched-ops/s)
[ 160.4s] iters=16349 scopes=16349 spawned=100448256 completed=100448256 polls=502241280 (3.76M sched-ops/s)
[ 165.4s] iters=16879 scopes=16879 spawned=103704576 completed=103704576 polls=518522880 (3.76M sched-ops/s)
[ 170.4s] iters=17417 scopes=17417 spawned=107010048 completed=107010048 polls=535050240 (3.77M sched-ops/s)
[ 175.4s] iters=17948 scopes=17948 spawned=110272512 completed=110272512 polls=551362560 (3.77M sched-ops/s)
[ 180.4s] iters=18512 scopes=18512 spawned=113737728 completed=113737728 polls=568688640 (3.78M sched-ops/s)
[ 185.4s] iters=19145 scopes=19145 spawned=117626880 completed=117626880 polls=588134400 (3.81M sched-ops/s)
[ 190.4s] iters=19774 scopes=19774 spawned=121491456 completed=121491456 polls=607457280 (3.83M sched-ops/s)
[ 195.4s] iters=20311 scopes=20311 spawned=124790784 completed=124790784 polls=623953920 (3.83M sched-ops/s)
[ 200.4s] iters=20845 scopes=20845 spawned=128071680 completed=128071680 polls=640358400 (3.83M sched-ops/s)
[ 205.4s] iters=21384 scopes=21384 spawned=131383296 completed=131383296 polls=656916480 (3.84M sched-ops/s)
[ 210.4s] iters=21903 scopes=21903 spawned=134572032 completed=134572032 polls=672860160 (3.84M sched-ops/s)
[ 215.4s] iters=22480 scopes=22480 spawned=138117120 completed=138117120 polls=690585600 (3.85M sched-ops/s)
[ 220.4s] iters=23146 scopes=23146 spawned=142209024 completed=142209024 polls=711045120 (3.87M sched-ops/s)
[ 225.4s] iters=23784 scopes=23784 spawned=146128896 completed=146128896 polls=730644480 (3.89M sched-ops/s)
[ 230.4s] iters=24471 scopes=24471 spawned=150349824 completed=150349824 polls=751749120 (3.92M sched-ops/s)
[ 235.4s] iters=25178 scopes=25178 spawned=154693632 completed=154693632 polls=773468160 (3.94M sched-ops/s)
[ 240.4s] iters=25762 scopes=25762 spawned=158281728 completed=158281728 polls=791408640 (3.95M sched-ops/s)
[ 245.5s] iters=26351 scopes=26351 spawned=161900544 completed=161900544 polls=809502720 (3.96M sched-ops/s)
[ 250.5s] iters=26534 scopes=26534 spawned=163024896 completed=163024896 polls=815124480 (3.91M sched-ops/s)
[ 255.6s] iters=26872 scopes=26872 spawned=165101568 completed=165101568 polls=825507840 (3.88M sched-ops/s)
[ 261.2s] iters=27152 scopes=27152 spawned=166821888 completed=166821888 polls=834109440 (3.83M sched-ops/s)
[ 266.3s] iters=27364 scopes=27364 spawned=168124416 completed=168124416 polls=840622080 (3.79M sched-ops/s)
[ 271.4s] iters=27523 scopes=27523 spawned=169101312 completed=169101312 polls=845506560 (3.74M sched-ops/s)
[ 276.4s] iters=27658 scopes=27658 spawned=169930752 completed=169930752 polls=849653760 (3.69M sched-ops/s)
[ 281.4s] iters=27894 scopes=27894 spawned=171380736 completed=171380736 polls=856903680 (3.65M sched-ops/s)
[ 286.4s] iters=28228 scopes=28228 spawned=173432832 completed=173432832 polls=867164160 (3.63M sched-ops/s)
[ 291.4s] iters=28805 scopes=28805 spawned=176977920 completed=176977920 polls=884889600 (3.64M sched-ops/s)
[ 296.4s] iters=29395 scopes=29395 spawned=180602880 completed=180602880 polls=903014400 (3.66M sched-ops/s)
[ 301.4s] iters=29926 scopes=29926 spawned=183865344 completed=183865344 polls=919326720 (3.66M sched-ops/s)
[ 306.4s] iters=30530 scopes=30530 spawned=187576320 completed=187576320 polls=937881600 (3.67M sched-ops/s)
[ 311.4s] iters=31159 scopes=31159 spawned=191440896 completed=191440896 polls=957204480 (3.69M sched-ops/s)
[ 316.5s] iters=31712 scopes=31712 spawned=194838528 completed=194838528 polls=974192640 (3.69M sched-ops/s)
[ 321.5s] iters=32313 scopes=32313 spawned=198531072 completed=198531072 polls=992655360 (3.71M sched-ops/s)
[ 326.5s] iters=32972 scopes=32972 spawned=202579968 completed=202579968 polls=1012899840 (3.72M sched-ops/s)
[ 331.5s] iters=33676 scopes=33676 spawned=206905344 completed=206905344 polls=1034526720 (3.75M sched-ops/s)
[ 336.5s] iters=34286 scopes=34286 spawned=210653184 completed=210653184 polls=1053265920 (3.76M sched-ops/s)
[ 341.5s] iters=34919 scopes=34919 spawned=214542336 completed=214542336 polls=1072711680 (3.77M sched-ops/s)
[ 346.5s] iters=35482 scopes=35482 spawned=218001408 completed=218001408 polls=1090007040 (3.77M sched-ops/s)
[ 351.5s] iters=36036 scopes=36036 spawned=221405184 completed=221405184 polls=1107025920 (3.78M sched-ops/s)
[ 356.5s] iters=36700 scopes=36700 spawned=225484800 completed=225484800 polls=1127424000 (3.79M sched-ops/s)
DONE ok: iters=37223 scopes=37223 spawned=228698112 completed=228698112 in 360.0s (635271 tasks/s)
=== 09:06:07 END   mode=yield_storm threads=256 rc=0 ===
=== 09:06:07 START mode=foreign threads=64 secs=360 ===
[   5.1s] iters=8 scopes=0 spawned=2195342 completed=2195333 polls=2195239 (0.86M sched-ops/s)
[  10.5s] iters=17 scopes=0 spawned=4665150 completed=4665133 polls=4664940 (0.89M sched-ops/s)
[  15.9s] iters=27 scopes=0 spawned=7409143 completed=7409120 polls=7408809 (0.93M sched-ops/s)
[  21.6s] iters=37 scopes=0 spawned=10153131 completed=10153101 polls=10152693 (0.94M sched-ops/s)
[  26.8s] iters=52 scopes=0 spawned=14268685 completed=14268639 polls=14268107 (1.06M sched-ops/s)
[  62.5s] iters=53 scopes=0 spawned=14543061 completed=14543014 polls=14542486 (0.47M sched-ops/s)
[ 143.4s] iters=54 scopes=0 spawned=14817447 completed=14817390 polls=14816869 (0.21M sched-ops/s)
[ 148.4s] iters=74 scopes=0 spawned=20304646 completed=20304564 polls=20303900 (0.27M sched-ops/s)
[ 153.6s] iters=93 scopes=0 spawned=25517469 completed=25517373 polls=25516536 (0.33M sched-ops/s)
[ 158.7s] iters=112 scopes=0 spawned=30730349 completed=30730239 polls=30729266 (0.39M sched-ops/s)
[ 163.8s] iters=130 scopes=0 spawned=35669137 completed=35669006 polls=35667875 (0.44M sched-ops/s)
[ 168.9s] iters=147 scopes=0 spawned=40333349 completed=40333204 polls=40331905 (0.48M sched-ops/s)
[ 174.0s] iters=166 scopes=0 spawned=45546632 completed=45546457 polls=45545033 (0.52M sched-ops/s)
[ 179.0s] iters=185 scopes=0 spawned=50759302 completed=50759106 polls=50757518 (0.57M sched-ops/s)
[ 184.3s] iters=205 scopes=0 spawned=56246390 completed=56246167 polls=56244437 (0.61M sched-ops/s)
[ 189.6s] iters=222 scopes=0 spawned=60907390 completed=60907154 polls=60905277 (0.64M sched-ops/s)
[ 194.9s] iters=233 scopes=0 spawned=63923528 completed=63923280 polls=63921321 (0.66M sched-ops/s)
[ 199.9s] iters=247 scopes=0 spawned=67769746 completed=67769481 polls=67767394 (0.68M sched-ops/s)
[ 205.2s] iters=269 scopes=0 spawned=73804887 completed=73804594 polls=73802342 (0.72M sched-ops/s)
[ 210.3s] iters=287 scopes=0 spawned=78742940 completed=78742629 polls=78740237 (0.75M sched-ops/s)
=== 09:09:40 END   mode=foreign threads=64 rc=137 ===
=== 09:09:40 START mode=mixed threads=256 secs=360 ===
[  19.5s] iters=1 scopes=6 spawned=22338 completed=22116 polls=222040335 (11.40M sched-ops/s)
[  35.2s] iters=2 scopes=12 spawned=39570 completed=39199 polls=393552349 (11.17M sched-ops/s)
[  51.2s] iters=3 scopes=18 spawned=56184 completed=55627 polls=558671473 (10.91M sched-ops/s)
[  76.6s] iters=8 scopes=26 spawned=3127786 completed=3123743 polls=768310553 (10.07M sched-ops/s)
[  93.9s] iters=11 scopes=34 spawned=5330998 completed=5326782 polls=896697267 (9.61M sched-ops/s)
[  99.8s] iters=13 scopes=36 spawned=8448054 completed=8443838 polls=897088947 (9.07M sched-ops/s)
[ 105.8s] iters=15 scopes=38 spawned=11608118 completed=11603700 polls=897485980 (8.59M sched-ops/s)
[ 110.9s] iters=18 scopes=41 spawned=14176310 completed=14171829 polls=897810069 (8.22M sched-ops/s)
[ 126.2s] iters=20 scopes=48 spawned=16026874 completed=16016812 polls=1018894901 (8.20M sched-ops/s)
[ 132.5s] iters=24 scopes=52 spawned=19632499 completed=19622437 polls=1019376921 (7.84M sched-ops/s)
